2024-12-16 09:13:37,521 ERROR 96037 nodejs.ClusterClientNoResponseError: client no response in 298436ms exceeding maxIdleTime 60000ms, maybe the connection is close on other side.
    at Timeout._onTimeout (/Users/huangwei/Desktop/zero-element-boot/auto/node_modules/cluster-client/lib/leader.js:79:25)
    at listOnTimeout (node:internal/timers:569:17)
    at process.processTimers (node:internal/timers:512:7)
name: "ClusterClientNoResponseError"
pid: 96037
hostname: huangweideMacBook-Pro.local

2024-12-16 09:21:13,350 ERROR 35129 [egg-redis] client error: Error: connect ECONNREFUSED 127.0.0.1:6379
    at TCPConnectWrap.afterConnect [as oncomplete] (node:net:1555:16) {
  errno: -61,
  code: 'ECONNREFUSED',
  syscall: 'connect',
  address: '127.0.0.1',
  port: 6379
}
2024-12-16 09:21:13,353 ERROR 35129 nodejs.ECONNREFUSEDError: connect ECONNREFUSED 127.0.0.1:6379
    at TCPConnectWrap.afterConnect [as oncomplete] (node:net:1555:16)
errno: -61
code: "ECONNREFUSED"
syscall: "connect"
address: "127.0.0.1"
port: 6379
pid: 35129
hostname: huangweideMacBook-Pro.local

2024-12-16 09:21:13,357 ERROR 35129 [-/127.0.0.1/-/0ms GET /] nodejs.ECONNREFUSEDError: connect ECONNREFUSED 127.0.0.1:6379
    at TCPConnectWrap.afterConnect [as oncomplete] (node:net:1555:16)
errno: -61
code: "ECONNREFUSED"
syscall: "connect"
address: "127.0.0.1"
port: 6379
pid: 35129
hostname: huangweideMacBook-Pro.local

2024-12-16 09:22:10,318 ERROR 35187 [egg-redis] client error: Error: connect ECONNREFUSED 127.0.0.1:6379
    at TCPConnectWrap.afterConnect [as oncomplete] (node:net:1555:16) {
  errno: -61,
  code: 'ECONNREFUSED',
  syscall: 'connect',
  address: '127.0.0.1',
  port: 6379
}
2024-12-16 09:22:10,320 ERROR 35187 nodejs.ECONNREFUSEDError: connect ECONNREFUSED 127.0.0.1:6379
    at TCPConnectWrap.afterConnect [as oncomplete] (node:net:1555:16)
errno: -61
code: "ECONNREFUSED"
syscall: "connect"
address: "127.0.0.1"
port: 6379
pid: 35187
hostname: huangweideMacBook-Pro.local

2024-12-16 09:22:10,322 ERROR 35187 [-/127.0.0.1/-/1ms GET /] nodejs.ECONNREFUSEDError: connect ECONNREFUSED 127.0.0.1:6379
    at TCPConnectWrap.afterConnect [as oncomplete] (node:net:1555:16)
errno: -61
code: "ECONNREFUSED"
syscall: "connect"
address: "127.0.0.1"
port: 6379
pid: 35187
hostname: huangweideMacBook-Pro.local

2024-12-16 09:22:22,975 ERROR 35214 [egg-redis] client error: Error: connect ECONNREFUSED 127.0.0.1:6379
    at TCPConnectWrap.afterConnect [as oncomplete] (node:net:1555:16) {
  errno: -61,
  code: 'ECONNREFUSED',
  syscall: 'connect',
  address: '127.0.0.1',
  port: 6379
}
2024-12-16 09:22:22,977 ERROR 35214 nodejs.ECONNREFUSEDError: connect ECONNREFUSED 127.0.0.1:6379
    at TCPConnectWrap.afterConnect [as oncomplete] (node:net:1555:16)
errno: -61
code: "ECONNREFUSED"
syscall: "connect"
address: "127.0.0.1"
port: 6379
pid: 35214
hostname: huangweideMacBook-Pro.local

2024-12-16 09:22:22,979 ERROR 35214 [-/127.0.0.1/-/0ms GET /] nodejs.ECONNREFUSEDError: connect ECONNREFUSED 127.0.0.1:6379
    at TCPConnectWrap.afterConnect [as oncomplete] (node:net:1555:16)
errno: -61
code: "ECONNREFUSED"
syscall: "connect"
address: "127.0.0.1"
port: 6379
pid: 35214
hostname: huangweideMacBook-Pro.local

2024-12-16 09:22:34,043 ERROR 35249 [egg-redis] client error: Error: connect ECONNREFUSED 127.0.0.1:6379
    at TCPConnectWrap.afterConnect [as oncomplete] (node:net:1555:16) {
  errno: -61,
  code: 'ECONNREFUSED',
  syscall: 'connect',
  address: '127.0.0.1',
  port: 6379
}
2024-12-16 09:22:34,044 ERROR 35249 nodejs.ECONNREFUSEDError: connect ECONNREFUSED 127.0.0.1:6379
    at TCPConnectWrap.afterConnect [as oncomplete] (node:net:1555:16)
errno: -61
code: "ECONNREFUSED"
syscall: "connect"
address: "127.0.0.1"
port: 6379
pid: 35249
hostname: huangweideMacBook-Pro.local

2024-12-16 09:22:34,047 ERROR 35249 [-/127.0.0.1/-/0ms GET /] nodejs.ECONNREFUSEDError: connect ECONNREFUSED 127.0.0.1:6379
    at TCPConnectWrap.afterConnect [as oncomplete] (node:net:1555:16)
errno: -61
code: "ECONNREFUSED"
syscall: "connect"
address: "127.0.0.1"
port: 6379
pid: 35249
hostname: huangweideMacBook-Pro.local

2024-12-16 09:46:34,030 ERROR 36773 [-/192.168.3.22/-/4ms GET /api/auto/boot/preview?xkey=666] nodejs.ReferenceError: app is not defined
    at IndexController.preview (/Users/huangwei/Desktop/zero-element-boot/auto/app/controller/index.js:35:24)
    at Object.callFn (/Users/huangwei/Desktop/zero-element-boot/auto/node_modules/egg-core/lib/utils/index.js:44:21)
    at Object.classControllerMiddleware (/Users/huangwei/Desktop/zero-element-boot/auto/node_modules/egg-core/lib/loader/mixin/controller.js:87:20)
    at Object.callFn (/Users/huangwei/Desktop/zero-element-boot/auto/node_modules/@eggjs/router/lib/utils.js:12:21)
    at wrappedController (/Users/huangwei/Desktop/zero-element-boot/auto/node_modules/@eggjs/router/lib/egg_router.js:322:18)
    at dispatch (/Users/huangwei/Desktop/zero-element-boot/auto/node_modules/@eggjs/router/node_modules/koa-compose/index.js:44:32)
    at next (/Users/huangwei/Desktop/zero-element-boot/auto/node_modules/@eggjs/router/node_modules/koa-compose/index.js:45:18)
    at /Users/huangwei/Desktop/zero-element-boot/auto/node_modules/@eggjs/router/lib/router.js:186:18
    at dispatch (/Users/huangwei/Desktop/zero-element-boot/auto/node_modules/@eggjs/router/node_modules/koa-compose/index.js:44:32)
    at /Users/huangwei/Desktop/zero-element-boot/auto/node_modules/@eggjs/router/node_modules/koa-compose/index.js:36:12

pid: 36773
hostname: huangweideMacBook-Pro.local

2024-12-16 09:46:52,822 ERROR 36773 [-/192.168.3.22/-/3ms GET /api/auto/boot/preview?xkey=666] nodejs.ReferenceError: app is not defined
    at IndexController.preview (/Users/huangwei/Desktop/zero-element-boot/auto/app/controller/index.js:35:24)
    at Object.callFn (/Users/huangwei/Desktop/zero-element-boot/auto/node_modules/egg-core/lib/utils/index.js:44:21)
    at Object.classControllerMiddleware (/Users/huangwei/Desktop/zero-element-boot/auto/node_modules/egg-core/lib/loader/mixin/controller.js:87:20)
    at Object.callFn (/Users/huangwei/Desktop/zero-element-boot/auto/node_modules/@eggjs/router/lib/utils.js:12:21)
    at wrappedController (/Users/huangwei/Desktop/zero-element-boot/auto/node_modules/@eggjs/router/lib/egg_router.js:322:18)
    at dispatch (/Users/huangwei/Desktop/zero-element-boot/auto/node_modules/@eggjs/router/node_modules/koa-compose/index.js:44:32)
    at next (/Users/huangwei/Desktop/zero-element-boot/auto/node_modules/@eggjs/router/node_modules/koa-compose/index.js:45:18)
    at /Users/huangwei/Desktop/zero-element-boot/auto/node_modules/@eggjs/router/lib/router.js:186:18
    at dispatch (/Users/huangwei/Desktop/zero-element-boot/auto/node_modules/@eggjs/router/node_modules/koa-compose/index.js:44:32)
    at /Users/huangwei/Desktop/zero-element-boot/auto/node_modules/@eggjs/router/node_modules/koa-compose/index.js:36:12

pid: 36773
hostname: huangweideMacBook-Pro.local

2024-12-16 09:46:59,034 ERROR 36814 [-/192.168.3.22/-/9ms GET /api/auto/boot/preview?xkey=666] nodejs.ReferenceError: app is not defined
    at IndexController.preview (/Users/huangwei/Desktop/zero-element-boot/auto/app/controller/index.js:35:24)
    at Object.callFn (/Users/huangwei/Desktop/zero-element-boot/auto/node_modules/egg-core/lib/utils/index.js:44:21)
    at Object.classControllerMiddleware (/Users/huangwei/Desktop/zero-element-boot/auto/node_modules/egg-core/lib/loader/mixin/controller.js:87:20)
    at Object.callFn (/Users/huangwei/Desktop/zero-element-boot/auto/node_modules/@eggjs/router/lib/utils.js:12:21)
    at wrappedController (/Users/huangwei/Desktop/zero-element-boot/auto/node_modules/@eggjs/router/lib/egg_router.js:322:18)
    at dispatch (/Users/huangwei/Desktop/zero-element-boot/auto/node_modules/@eggjs/router/node_modules/koa-compose/index.js:44:32)
    at next (/Users/huangwei/Desktop/zero-element-boot/auto/node_modules/@eggjs/router/node_modules/koa-compose/index.js:45:18)
    at /Users/huangwei/Desktop/zero-element-boot/auto/node_modules/@eggjs/router/lib/router.js:186:18
    at dispatch (/Users/huangwei/Desktop/zero-element-boot/auto/node_modules/@eggjs/router/node_modules/koa-compose/index.js:44:32)
    at /Users/huangwei/Desktop/zero-element-boot/auto/node_modules/@eggjs/router/node_modules/koa-compose/index.js:36:12

pid: 36814
hostname: huangweideMacBook-Pro.local

2024-12-16 09:52:30,035 ERROR 37224 [-/192.168.3.22/-/52ms POST /api/auto/boot/zoomout] nodejs.ReferenceError: oldRes is not defined
    at IndexController.zoomout (/Users/huangwei/Desktop/zero-element-boot/auto/app/controller/index.js:55:33)
    at process.processTicksAndRejections (node:internal/process/task_queues:95:5)
    at async /Users/huangwei/Desktop/zero-element-boot/auto/node_modules/egg-development/app/middleware/egg_loader_trace.js:7:50
    at async xframe (/Users/huangwei/Desktop/zero-element-boot/auto/node_modules/egg-security/lib/middlewares/xframe.js:7:5)
    at async xssProtection (/Users/huangwei/Desktop/zero-element-boot/auto/node_modules/egg-security/lib/middlewares/xssProtection.js:7:5)
    at async nosniff (/Users/huangwei/Desktop/zero-element-boot/auto/node_modules/egg-security/lib/middlewares/nosniff.js:8:5)
    at async noopen (/Users/huangwei/Desktop/zero-element-boot/auto/node_modules/egg-security/lib/middlewares/noopen.js:8:5)
    at async session (/Users/huangwei/Desktop/zero-element-boot/auto/node_modules/koa-session/index.js:41:7)
    at async bodyParser (/Users/huangwei/Desktop/zero-element-boot/auto/node_modules/koa-bodyparser/index.js:78:5)
    at async /Users/huangwei/Desktop/zero-element-boot/auto/node_modules/koa-static-cache/index.js:39:63

pid: 37224
hostname: huangweideMacBook-Pro.local

2024-12-16 11:35:32,042 ERROR 37327 [egg-redis] client error: Error: read ECONNRESET
    at TCP.onStreamRead (node:internal/stream_base_commons:217:20)
    at TCP.callbackTrampoline (node:internal/async_hooks:130:17) {
  errno: -54,
  code: 'ECONNRESET',
  syscall: 'read'
}
2024-12-16 11:35:32,053 ERROR 37327 nodejs.ECONNRESETError: read ECONNRESET
    at TCP.onStreamRead (node:internal/stream_base_commons:217:20)
    at TCP.callbackTrampoline (node:internal/async_hooks:130:17)
errno: -54
code: "ECONNRESET"
syscall: "read"
pid: 37327
hostname: huangweideMacBook-Pro.local

2024-12-16 11:39:29,887 ERROR 37327 [egg-redis] client error: Error: read ECONNRESET
    at TCP.onStreamRead (node:internal/stream_base_commons:217:20)
    at TCP.callbackTrampoline (node:internal/async_hooks:130:17) {
  errno: -54,
  code: 'ECONNRESET',
  syscall: 'read'
}
2024-12-16 11:39:29,888 ERROR 37327 nodejs.ECONNRESETError: read ECONNRESET
    at TCP.onStreamRead (node:internal/stream_base_commons:217:20)
    at TCP.callbackTrampoline (node:internal/async_hooks:130:17)
errno: -54
code: "ECONNRESET"
syscall: "read"
pid: 37327
hostname: huangweideMacBook-Pro.local

2024-12-16 14:07:25,542 ERROR 35444 nodejs.ClusterClientNoResponseError: client no response in 7054640ms exceeding maxIdleTime 60000ms, maybe the connection is close on other side.
    at Timeout._onTimeout (/Users/huangwei/Desktop/zero-element-boot/auto/node_modules/cluster-client/lib/leader.js:79:25)
    at listOnTimeout (node:internal/timers:569:17)
    at process.processTimers (node:internal/timers:512:7)
name: "ClusterClientNoResponseError"
pid: 35444
hostname: huangweideMacBook-Pro.local

