2024-12-16 04:30:01,370 INFO 97785 [Job#1734294601369587993237614504] /Users/huangwei/Desktop/zero-element-boot/auto/node_modules/egg-multipart/app/schedule/clean_tmpdir.js executing by app
2024-12-16 04:30:01,375 INFO 97785 [Job#1734294601369587993237614504] /Users/huangwei/Desktop/zero-element-boot/auto/node_modules/egg-multipart/app/schedule/clean_tmpdir.js execute succeed, used 5ms. 
2024-12-16 04:30:01,372 INFO 96037 [Timer] /Users/huangwei/Desktop/zero-element-boot/auto/node_modules/egg-multipart/app/schedule/clean_tmpdir.js next time will execute after 86398630ms at 2024-12-17 04:30:00.001
2024-12-16 09:17:41,101 INFO 34728 [Timer] /Users/huangwei/Desktop/zero-element-boot/auto/node_modules/egg-multipart/app/schedule/clean_tmpdir.js next time will execute after 69138902ms at 2024-12-17 04:30:00.003
2024-12-16 09:17:41,102 INFO 34728 [Timer] /Users/huangwei/Desktop/zero-element-boot/auto/node_modules/egg-logrotator/app/schedule/clean_log.js next time will execute after 52938899ms at 2024-12-17 00:00:00.001
2024-12-16 09:17:41,102 INFO 34728 [Timer] /Users/huangwei/Desktop/zero-element-boot/auto/node_modules/egg-logrotator/app/schedule/rotate_by_file.js next time will execute after 52939898ms at 2024-12-17 00:00:01.000
2024-12-16 09:17:40,981 INFO 34734 [egg-schedule]: register schedule /Users/huangwei/Desktop/zero-element-boot/auto/node_modules/egg-multipart/app/schedule/clean_tmpdir.js
2024-12-16 09:17:40,981 INFO 34734 [egg-schedule]: register schedule /Users/huangwei/Desktop/zero-element-boot/auto/node_modules/egg-logrotator/app/schedule/clean_log.js
2024-12-16 09:17:40,981 INFO 34734 [egg-schedule]: register schedule /Users/huangwei/Desktop/zero-element-boot/auto/node_modules/egg-logrotator/app/schedule/rotate_by_file.js
2024-12-16 09:20:51,894 INFO 35107 [egg-schedule]: register schedule /Users/huangwei/Desktop/zero-element-boot/auto/node_modules/egg-multipart/app/schedule/clean_tmpdir.js
2024-12-16 09:20:51,894 INFO 35107 [egg-schedule]: register schedule /Users/huangwei/Desktop/zero-element-boot/auto/node_modules/egg-logrotator/app/schedule/clean_log.js
2024-12-16 09:20:51,894 INFO 35107 [egg-schedule]: register schedule /Users/huangwei/Desktop/zero-element-boot/auto/node_modules/egg-logrotator/app/schedule/rotate_by_file.js
2024-12-16 09:21:13,184 INFO 35129 [egg-schedule]: register schedule /Users/huangwei/Desktop/zero-element-boot/auto/node_modules/egg-multipart/app/schedule/clean_tmpdir.js
2024-12-16 09:21:13,184 INFO 35129 [egg-schedule]: register schedule /Users/huangwei/Desktop/zero-element-boot/auto/node_modules/egg-logrotator/app/schedule/clean_log.js
2024-12-16 09:21:13,184 INFO 35129 [egg-schedule]: register schedule /Users/huangwei/Desktop/zero-element-boot/auto/node_modules/egg-logrotator/app/schedule/rotate_by_file.js
2024-12-16 09:22:10,182 INFO 35187 [egg-schedule]: register schedule /Users/huangwei/Desktop/zero-element-boot/auto/node_modules/egg-multipart/app/schedule/clean_tmpdir.js
2024-12-16 09:22:10,182 INFO 35187 [egg-schedule]: register schedule /Users/huangwei/Desktop/zero-element-boot/auto/node_modules/egg-logrotator/app/schedule/clean_log.js
2024-12-16 09:22:10,182 INFO 35187 [egg-schedule]: register schedule /Users/huangwei/Desktop/zero-element-boot/auto/node_modules/egg-logrotator/app/schedule/rotate_by_file.js
2024-12-16 09:22:22,859 INFO 35214 [egg-schedule]: register schedule /Users/huangwei/Desktop/zero-element-boot/auto/node_modules/egg-multipart/app/schedule/clean_tmpdir.js
2024-12-16 09:22:22,859 INFO 35214 [egg-schedule]: register schedule /Users/huangwei/Desktop/zero-element-boot/auto/node_modules/egg-logrotator/app/schedule/clean_log.js
2024-12-16 09:22:22,859 INFO 35214 [egg-schedule]: register schedule /Users/huangwei/Desktop/zero-element-boot/auto/node_modules/egg-logrotator/app/schedule/rotate_by_file.js
2024-12-16 09:22:33,885 INFO 35249 [egg-schedule]: register schedule /Users/huangwei/Desktop/zero-element-boot/auto/node_modules/egg-multipart/app/schedule/clean_tmpdir.js
2024-12-16 09:22:33,885 INFO 35249 [egg-schedule]: register schedule /Users/huangwei/Desktop/zero-element-boot/auto/node_modules/egg-logrotator/app/schedule/clean_log.js
2024-12-16 09:22:33,885 INFO 35249 [egg-schedule]: register schedule /Users/huangwei/Desktop/zero-element-boot/auto/node_modules/egg-logrotator/app/schedule/rotate_by_file.js
2024-12-16 09:24:15,892 INFO 35324 [egg-schedule]: register schedule /Users/huangwei/Desktop/zero-element-boot/auto/node_modules/egg-multipart/app/schedule/clean_tmpdir.js
2024-12-16 09:24:15,892 INFO 35324 [egg-schedule]: register schedule /Users/huangwei/Desktop/zero-element-boot/auto/node_modules/egg-logrotator/app/schedule/clean_log.js
2024-12-16 09:24:15,892 INFO 35324 [egg-schedule]: register schedule /Users/huangwei/Desktop/zero-element-boot/auto/node_modules/egg-logrotator/app/schedule/rotate_by_file.js
2024-12-16 09:24:32,988 INFO 35388 [egg-schedule]: register schedule /Users/huangwei/Desktop/zero-element-boot/auto/node_modules/egg-multipart/app/schedule/clean_tmpdir.js
2024-12-16 09:24:32,988 INFO 35388 [egg-schedule]: register schedule /Users/huangwei/Desktop/zero-element-boot/auto/node_modules/egg-logrotator/app/schedule/clean_log.js
2024-12-16 09:24:32,988 INFO 35388 [egg-schedule]: register schedule /Users/huangwei/Desktop/zero-element-boot/auto/node_modules/egg-logrotator/app/schedule/rotate_by_file.js
2024-12-16 09:24:50,192 INFO 35444 [Timer] /Users/huangwei/Desktop/zero-element-boot/auto/node_modules/egg-multipart/app/schedule/clean_tmpdir.js next time will execute after 68709812ms at 2024-12-17 04:30:00.004
2024-12-16 09:24:50,193 INFO 35444 [Timer] /Users/huangwei/Desktop/zero-element-boot/auto/node_modules/egg-logrotator/app/schedule/clean_log.js next time will execute after 52509808ms at 2024-12-17 00:00:00.001
2024-12-16 09:24:50,193 INFO 35444 [Timer] /Users/huangwei/Desktop/zero-element-boot/auto/node_modules/egg-logrotator/app/schedule/rotate_by_file.js next time will execute after 52510807ms at 2024-12-17 00:00:01.000
2024-12-16 09:24:49,979 INFO 35445 [egg-schedule]: register schedule /Users/huangwei/Desktop/zero-element-boot/auto/node_modules/egg-multipart/app/schedule/clean_tmpdir.js
2024-12-16 09:24:49,979 INFO 35445 [egg-schedule]: register schedule /Users/huangwei/Desktop/zero-element-boot/auto/node_modules/egg-logrotator/app/schedule/clean_log.js
2024-12-16 09:24:49,979 INFO 35445 [egg-schedule]: register schedule /Users/huangwei/Desktop/zero-element-boot/auto/node_modules/egg-logrotator/app/schedule/rotate_by_file.js
2024-12-16 09:25:08,693 INFO 35471 [egg-schedule]: register schedule /Users/huangwei/Desktop/zero-element-boot/auto/node_modules/egg-multipart/app/schedule/clean_tmpdir.js
2024-12-16 09:25:08,693 INFO 35471 [egg-schedule]: register schedule /Users/huangwei/Desktop/zero-element-boot/auto/node_modules/egg-logrotator/app/schedule/clean_log.js
2024-12-16 09:25:08,693 INFO 35471 [egg-schedule]: register schedule /Users/huangwei/Desktop/zero-element-boot/auto/node_modules/egg-logrotator/app/schedule/rotate_by_file.js
2024-12-16 09:25:33,069 INFO 35497 [egg-schedule]: register schedule /Users/huangwei/Desktop/zero-element-boot/auto/node_modules/egg-multipart/app/schedule/clean_tmpdir.js
2024-12-16 09:25:33,070 INFO 35497 [egg-schedule]: register schedule /Users/huangwei/Desktop/zero-element-boot/auto/node_modules/egg-logrotator/app/schedule/clean_log.js
2024-12-16 09:25:33,070 INFO 35497 [egg-schedule]: register schedule /Users/huangwei/Desktop/zero-element-boot/auto/node_modules/egg-logrotator/app/schedule/rotate_by_file.js
2024-12-16 09:29:00,190 INFO 35886 [egg-schedule]: register schedule /Users/huangwei/Desktop/zero-element-boot/auto/node_modules/egg-multipart/app/schedule/clean_tmpdir.js
2024-12-16 09:29:00,190 INFO 35886 [egg-schedule]: register schedule /Users/huangwei/Desktop/zero-element-boot/auto/node_modules/egg-logrotator/app/schedule/clean_log.js
2024-12-16 09:29:00,190 INFO 35886 [egg-schedule]: register schedule /Users/huangwei/Desktop/zero-element-boot/auto/node_modules/egg-logrotator/app/schedule/rotate_by_file.js
2024-12-16 09:29:01,053 INFO 35897 [egg-schedule]: register schedule /Users/huangwei/Desktop/zero-element-boot/auto/node_modules/egg-multipart/app/schedule/clean_tmpdir.js
2024-12-16 09:29:01,053 INFO 35897 [egg-schedule]: register schedule /Users/huangwei/Desktop/zero-element-boot/auto/node_modules/egg-logrotator/app/schedule/clean_log.js
2024-12-16 09:29:01,053 INFO 35897 [egg-schedule]: register schedule /Users/huangwei/Desktop/zero-element-boot/auto/node_modules/egg-logrotator/app/schedule/rotate_by_file.js
2024-12-16 09:30:41,691 INFO 35954 [egg-schedule]: register schedule /Users/huangwei/Desktop/zero-element-boot/auto/node_modules/egg-multipart/app/schedule/clean_tmpdir.js
2024-12-16 09:30:41,691 INFO 35954 [egg-schedule]: register schedule /Users/huangwei/Desktop/zero-element-boot/auto/node_modules/egg-logrotator/app/schedule/clean_log.js
2024-12-16 09:30:41,691 INFO 35954 [egg-schedule]: register schedule /Users/huangwei/Desktop/zero-element-boot/auto/node_modules/egg-logrotator/app/schedule/rotate_by_file.js
2024-12-16 09:30:50,643 INFO 35978 [egg-schedule]: register schedule /Users/huangwei/Desktop/zero-element-boot/auto/node_modules/egg-multipart/app/schedule/clean_tmpdir.js
2024-12-16 09:30:50,643 INFO 35978 [egg-schedule]: register schedule /Users/huangwei/Desktop/zero-element-boot/auto/node_modules/egg-logrotator/app/schedule/clean_log.js
2024-12-16 09:30:50,643 INFO 35978 [egg-schedule]: register schedule /Users/huangwei/Desktop/zero-element-boot/auto/node_modules/egg-logrotator/app/schedule/rotate_by_file.js
2024-12-16 09:30:56,257 INFO 35994 [egg-schedule]: register schedule /Users/huangwei/Desktop/zero-element-boot/auto/node_modules/egg-multipart/app/schedule/clean_tmpdir.js
2024-12-16 09:30:56,257 INFO 35994 [egg-schedule]: register schedule /Users/huangwei/Desktop/zero-element-boot/auto/node_modules/egg-logrotator/app/schedule/clean_log.js
2024-12-16 09:30:56,257 INFO 35994 [egg-schedule]: register schedule /Users/huangwei/Desktop/zero-element-boot/auto/node_modules/egg-logrotator/app/schedule/rotate_by_file.js
2024-12-16 09:32:16,257 INFO 36047 [egg-schedule]: register schedule /Users/huangwei/Desktop/zero-element-boot/auto/node_modules/egg-multipart/app/schedule/clean_tmpdir.js
2024-12-16 09:32:16,257 INFO 36047 [egg-schedule]: register schedule /Users/huangwei/Desktop/zero-element-boot/auto/node_modules/egg-logrotator/app/schedule/clean_log.js
2024-12-16 09:32:16,257 INFO 36047 [egg-schedule]: register schedule /Users/huangwei/Desktop/zero-element-boot/auto/node_modules/egg-logrotator/app/schedule/rotate_by_file.js
2024-12-16 09:33:26,909 INFO 36100 [egg-schedule]: register schedule /Users/huangwei/Desktop/zero-element-boot/auto/node_modules/egg-multipart/app/schedule/clean_tmpdir.js
2024-12-16 09:33:26,909 INFO 36100 [egg-schedule]: register schedule /Users/huangwei/Desktop/zero-element-boot/auto/node_modules/egg-logrotator/app/schedule/clean_log.js
2024-12-16 09:33:26,909 INFO 36100 [egg-schedule]: register schedule /Users/huangwei/Desktop/zero-element-boot/auto/node_modules/egg-logrotator/app/schedule/rotate_by_file.js
2024-12-16 09:33:35,972 INFO 36128 [egg-schedule]: register schedule /Users/huangwei/Desktop/zero-element-boot/auto/node_modules/egg-multipart/app/schedule/clean_tmpdir.js
2024-12-16 09:33:35,972 INFO 36128 [egg-schedule]: register schedule /Users/huangwei/Desktop/zero-element-boot/auto/node_modules/egg-logrotator/app/schedule/clean_log.js
2024-12-16 09:33:35,972 INFO 36128 [egg-schedule]: register schedule /Users/huangwei/Desktop/zero-element-boot/auto/node_modules/egg-logrotator/app/schedule/rotate_by_file.js
2024-12-16 09:34:15,776 INFO 36158 [egg-schedule]: register schedule /Users/huangwei/Desktop/zero-element-boot/auto/node_modules/egg-multipart/app/schedule/clean_tmpdir.js
2024-12-16 09:34:15,776 INFO 36158 [egg-schedule]: register schedule /Users/huangwei/Desktop/zero-element-boot/auto/node_modules/egg-logrotator/app/schedule/clean_log.js
2024-12-16 09:34:15,776 INFO 36158 [egg-schedule]: register schedule /Users/huangwei/Desktop/zero-element-boot/auto/node_modules/egg-logrotator/app/schedule/rotate_by_file.js
2024-12-16 09:34:18,435 INFO 36171 [egg-schedule]: register schedule /Users/huangwei/Desktop/zero-element-boot/auto/node_modules/egg-multipart/app/schedule/clean_tmpdir.js
2024-12-16 09:34:18,435 INFO 36171 [egg-schedule]: register schedule /Users/huangwei/Desktop/zero-element-boot/auto/node_modules/egg-logrotator/app/schedule/clean_log.js
2024-12-16 09:34:18,435 INFO 36171 [egg-schedule]: register schedule /Users/huangwei/Desktop/zero-element-boot/auto/node_modules/egg-logrotator/app/schedule/rotate_by_file.js
2024-12-16 09:35:04,102 INFO 36201 [egg-schedule]: register schedule /Users/huangwei/Desktop/zero-element-boot/auto/node_modules/egg-multipart/app/schedule/clean_tmpdir.js
2024-12-16 09:35:04,102 INFO 36201 [egg-schedule]: register schedule /Users/huangwei/Desktop/zero-element-boot/auto/node_modules/egg-logrotator/app/schedule/clean_log.js
2024-12-16 09:35:04,102 INFO 36201 [egg-schedule]: register schedule /Users/huangwei/Desktop/zero-element-boot/auto/node_modules/egg-logrotator/app/schedule/rotate_by_file.js
2024-12-16 09:35:07,131 INFO 36219 [egg-schedule]: register schedule /Users/huangwei/Desktop/zero-element-boot/auto/node_modules/egg-multipart/app/schedule/clean_tmpdir.js
2024-12-16 09:35:07,131 INFO 36219 [egg-schedule]: register schedule /Users/huangwei/Desktop/zero-element-boot/auto/node_modules/egg-logrotator/app/schedule/clean_log.js
2024-12-16 09:35:07,131 INFO 36219 [egg-schedule]: register schedule /Users/huangwei/Desktop/zero-element-boot/auto/node_modules/egg-logrotator/app/schedule/rotate_by_file.js
2024-12-16 09:36:07,773 INFO 36261 [egg-schedule]: register schedule /Users/huangwei/Desktop/zero-element-boot/auto/node_modules/egg-multipart/app/schedule/clean_tmpdir.js
2024-12-16 09:36:07,773 INFO 36261 [egg-schedule]: register schedule /Users/huangwei/Desktop/zero-element-boot/auto/node_modules/egg-logrotator/app/schedule/clean_log.js
2024-12-16 09:36:07,773 INFO 36261 [egg-schedule]: register schedule /Users/huangwei/Desktop/zero-element-boot/auto/node_modules/egg-logrotator/app/schedule/rotate_by_file.js
2024-12-16 09:36:39,721 INFO 36305 [egg-schedule]: register schedule /Users/huangwei/Desktop/zero-element-boot/auto/node_modules/egg-multipart/app/schedule/clean_tmpdir.js
2024-12-16 09:36:39,721 INFO 36305 [egg-schedule]: register schedule /Users/huangwei/Desktop/zero-element-boot/auto/node_modules/egg-logrotator/app/schedule/clean_log.js
2024-12-16 09:36:39,721 INFO 36305 [egg-schedule]: register schedule /Users/huangwei/Desktop/zero-element-boot/auto/node_modules/egg-logrotator/app/schedule/rotate_by_file.js
2024-12-16 09:36:57,739 INFO 36335 [egg-schedule]: register schedule /Users/huangwei/Desktop/zero-element-boot/auto/node_modules/egg-multipart/app/schedule/clean_tmpdir.js
2024-12-16 09:36:57,739 INFO 36335 [egg-schedule]: register schedule /Users/huangwei/Desktop/zero-element-boot/auto/node_modules/egg-logrotator/app/schedule/clean_log.js
2024-12-16 09:36:57,739 INFO 36335 [egg-schedule]: register schedule /Users/huangwei/Desktop/zero-element-boot/auto/node_modules/egg-logrotator/app/schedule/rotate_by_file.js
2024-12-16 09:37:09,230 INFO 36355 [egg-schedule]: register schedule /Users/huangwei/Desktop/zero-element-boot/auto/node_modules/egg-multipart/app/schedule/clean_tmpdir.js
2024-12-16 09:37:09,230 INFO 36355 [egg-schedule]: register schedule /Users/huangwei/Desktop/zero-element-boot/auto/node_modules/egg-logrotator/app/schedule/clean_log.js
2024-12-16 09:37:09,230 INFO 36355 [egg-schedule]: register schedule /Users/huangwei/Desktop/zero-element-boot/auto/node_modules/egg-logrotator/app/schedule/rotate_by_file.js
2024-12-16 09:39:15,187 INFO 36422 [egg-schedule]: register schedule /Users/huangwei/Desktop/zero-element-boot/auto/node_modules/egg-multipart/app/schedule/clean_tmpdir.js
2024-12-16 09:39:15,187 INFO 36422 [egg-schedule]: register schedule /Users/huangwei/Desktop/zero-element-boot/auto/node_modules/egg-logrotator/app/schedule/clean_log.js
2024-12-16 09:39:15,187 INFO 36422 [egg-schedule]: register schedule /Users/huangwei/Desktop/zero-element-boot/auto/node_modules/egg-logrotator/app/schedule/rotate_by_file.js
2024-12-16 09:39:30,835 INFO 36445 [egg-schedule]: register schedule /Users/huangwei/Desktop/zero-element-boot/auto/node_modules/egg-multipart/app/schedule/clean_tmpdir.js
2024-12-16 09:39:30,835 INFO 36445 [egg-schedule]: register schedule /Users/huangwei/Desktop/zero-element-boot/auto/node_modules/egg-logrotator/app/schedule/clean_log.js
2024-12-16 09:39:30,835 INFO 36445 [egg-schedule]: register schedule /Users/huangwei/Desktop/zero-element-boot/auto/node_modules/egg-logrotator/app/schedule/rotate_by_file.js
2024-12-16 09:39:48,839 INFO 36475 [egg-schedule]: register schedule /Users/huangwei/Desktop/zero-element-boot/auto/node_modules/egg-multipart/app/schedule/clean_tmpdir.js
2024-12-16 09:39:48,839 INFO 36475 [egg-schedule]: register schedule /Users/huangwei/Desktop/zero-element-boot/auto/node_modules/egg-logrotator/app/schedule/clean_log.js
2024-12-16 09:39:48,839 INFO 36475 [egg-schedule]: register schedule /Users/huangwei/Desktop/zero-element-boot/auto/node_modules/egg-logrotator/app/schedule/rotate_by_file.js
2024-12-16 09:40:57,624 INFO 36520 [egg-schedule]: register schedule /Users/huangwei/Desktop/zero-element-boot/auto/node_modules/egg-multipart/app/schedule/clean_tmpdir.js
2024-12-16 09:40:57,624 INFO 36520 [egg-schedule]: register schedule /Users/huangwei/Desktop/zero-element-boot/auto/node_modules/egg-logrotator/app/schedule/clean_log.js
2024-12-16 09:40:57,624 INFO 36520 [egg-schedule]: register schedule /Users/huangwei/Desktop/zero-element-boot/auto/node_modules/egg-logrotator/app/schedule/rotate_by_file.js
2024-12-16 09:41:08,087 INFO 36554 [egg-schedule]: register schedule /Users/huangwei/Desktop/zero-element-boot/auto/node_modules/egg-multipart/app/schedule/clean_tmpdir.js
2024-12-16 09:41:08,087 INFO 36554 [egg-schedule]: register schedule /Users/huangwei/Desktop/zero-element-boot/auto/node_modules/egg-logrotator/app/schedule/clean_log.js
2024-12-16 09:41:08,087 INFO 36554 [egg-schedule]: register schedule /Users/huangwei/Desktop/zero-element-boot/auto/node_modules/egg-logrotator/app/schedule/rotate_by_file.js
2024-12-16 09:41:10,341 INFO 36561 [egg-schedule]: register schedule /Users/huangwei/Desktop/zero-element-boot/auto/node_modules/egg-multipart/app/schedule/clean_tmpdir.js
2024-12-16 09:41:10,341 INFO 36561 [egg-schedule]: register schedule /Users/huangwei/Desktop/zero-element-boot/auto/node_modules/egg-logrotator/app/schedule/clean_log.js
2024-12-16 09:41:10,341 INFO 36561 [egg-schedule]: register schedule /Users/huangwei/Desktop/zero-element-boot/auto/node_modules/egg-logrotator/app/schedule/rotate_by_file.js
2024-12-16 09:41:11,587 INFO 36570 [egg-schedule]: register schedule /Users/huangwei/Desktop/zero-element-boot/auto/node_modules/egg-multipart/app/schedule/clean_tmpdir.js
2024-12-16 09:41:11,587 INFO 36570 [egg-schedule]: register schedule /Users/huangwei/Desktop/zero-element-boot/auto/node_modules/egg-logrotator/app/schedule/clean_log.js
2024-12-16 09:41:11,588 INFO 36570 [egg-schedule]: register schedule /Users/huangwei/Desktop/zero-element-boot/auto/node_modules/egg-logrotator/app/schedule/rotate_by_file.js
2024-12-16 09:45:12,461 INFO 36682 [egg-schedule]: register schedule /Users/huangwei/Desktop/zero-element-boot/auto/node_modules/egg-multipart/app/schedule/clean_tmpdir.js
2024-12-16 09:45:12,461 INFO 36682 [egg-schedule]: register schedule /Users/huangwei/Desktop/zero-element-boot/auto/node_modules/egg-logrotator/app/schedule/clean_log.js
2024-12-16 09:45:12,461 INFO 36682 [egg-schedule]: register schedule /Users/huangwei/Desktop/zero-element-boot/auto/node_modules/egg-logrotator/app/schedule/rotate_by_file.js
2024-12-16 09:46:12,996 INFO 36738 [egg-schedule]: register schedule /Users/huangwei/Desktop/zero-element-boot/auto/node_modules/egg-multipart/app/schedule/clean_tmpdir.js
2024-12-16 09:46:12,996 INFO 36738 [egg-schedule]: register schedule /Users/huangwei/Desktop/zero-element-boot/auto/node_modules/egg-logrotator/app/schedule/clean_log.js
2024-12-16 09:46:12,996 INFO 36738 [egg-schedule]: register schedule /Users/huangwei/Desktop/zero-element-boot/auto/node_modules/egg-logrotator/app/schedule/rotate_by_file.js
2024-12-16 09:46:14,328 INFO 36752 [egg-schedule]: register schedule /Users/huangwei/Desktop/zero-element-boot/auto/node_modules/egg-multipart/app/schedule/clean_tmpdir.js
2024-12-16 09:46:14,328 INFO 36752 [egg-schedule]: register schedule /Users/huangwei/Desktop/zero-element-boot/auto/node_modules/egg-logrotator/app/schedule/clean_log.js
2024-12-16 09:46:14,329 INFO 36752 [egg-schedule]: register schedule /Users/huangwei/Desktop/zero-element-boot/auto/node_modules/egg-logrotator/app/schedule/rotate_by_file.js
2024-12-16 09:46:16,528 INFO 36755 [egg-schedule]: register schedule /Users/huangwei/Desktop/zero-element-boot/auto/node_modules/egg-multipart/app/schedule/clean_tmpdir.js
2024-12-16 09:46:16,528 INFO 36755 [egg-schedule]: register schedule /Users/huangwei/Desktop/zero-element-boot/auto/node_modules/egg-logrotator/app/schedule/clean_log.js
2024-12-16 09:46:16,528 INFO 36755 [egg-schedule]: register schedule /Users/huangwei/Desktop/zero-element-boot/auto/node_modules/egg-logrotator/app/schedule/rotate_by_file.js
2024-12-16 09:46:20,530 INFO 36773 [egg-schedule]: register schedule /Users/huangwei/Desktop/zero-element-boot/auto/node_modules/egg-multipart/app/schedule/clean_tmpdir.js
2024-12-16 09:46:20,531 INFO 36773 [egg-schedule]: register schedule /Users/huangwei/Desktop/zero-element-boot/auto/node_modules/egg-logrotator/app/schedule/clean_log.js
2024-12-16 09:46:20,531 INFO 36773 [egg-schedule]: register schedule /Users/huangwei/Desktop/zero-element-boot/auto/node_modules/egg-logrotator/app/schedule/rotate_by_file.js
2024-12-16 09:46:55,938 INFO 36814 [egg-schedule]: register schedule /Users/huangwei/Desktop/zero-element-boot/auto/node_modules/egg-multipart/app/schedule/clean_tmpdir.js
2024-12-16 09:46:55,938 INFO 36814 [egg-schedule]: register schedule /Users/huangwei/Desktop/zero-element-boot/auto/node_modules/egg-logrotator/app/schedule/clean_log.js
2024-12-16 09:46:55,938 INFO 36814 [egg-schedule]: register schedule /Users/huangwei/Desktop/zero-element-boot/auto/node_modules/egg-logrotator/app/schedule/rotate_by_file.js
2024-12-16 09:47:24,546 INFO 36839 [egg-schedule]: register schedule /Users/huangwei/Desktop/zero-element-boot/auto/node_modules/egg-multipart/app/schedule/clean_tmpdir.js
2024-12-16 09:47:24,547 INFO 36839 [egg-schedule]: register schedule /Users/huangwei/Desktop/zero-element-boot/auto/node_modules/egg-logrotator/app/schedule/clean_log.js
2024-12-16 09:47:24,547 INFO 36839 [egg-schedule]: register schedule /Users/huangwei/Desktop/zero-element-boot/auto/node_modules/egg-logrotator/app/schedule/rotate_by_file.js
2024-12-16 09:47:37,828 INFO 36861 [egg-schedule]: register schedule /Users/huangwei/Desktop/zero-element-boot/auto/node_modules/egg-multipart/app/schedule/clean_tmpdir.js
2024-12-16 09:47:37,828 INFO 36861 [egg-schedule]: register schedule /Users/huangwei/Desktop/zero-element-boot/auto/node_modules/egg-logrotator/app/schedule/clean_log.js
2024-12-16 09:47:37,828 INFO 36861 [egg-schedule]: register schedule /Users/huangwei/Desktop/zero-element-boot/auto/node_modules/egg-logrotator/app/schedule/rotate_by_file.js
2024-12-16 09:48:02,020 INFO 36889 [egg-schedule]: register schedule /Users/huangwei/Desktop/zero-element-boot/auto/node_modules/egg-multipart/app/schedule/clean_tmpdir.js
2024-12-16 09:48:02,020 INFO 36889 [egg-schedule]: register schedule /Users/huangwei/Desktop/zero-element-boot/auto/node_modules/egg-logrotator/app/schedule/clean_log.js
2024-12-16 09:48:02,020 INFO 36889 [egg-schedule]: register schedule /Users/huangwei/Desktop/zero-element-boot/auto/node_modules/egg-logrotator/app/schedule/rotate_by_file.js
2024-12-16 09:48:06,604 INFO 36901 [egg-schedule]: register schedule /Users/huangwei/Desktop/zero-element-boot/auto/node_modules/egg-multipart/app/schedule/clean_tmpdir.js
2024-12-16 09:48:06,604 INFO 36901 [egg-schedule]: register schedule /Users/huangwei/Desktop/zero-element-boot/auto/node_modules/egg-logrotator/app/schedule/clean_log.js
2024-12-16 09:48:06,604 INFO 36901 [egg-schedule]: register schedule /Users/huangwei/Desktop/zero-element-boot/auto/node_modules/egg-logrotator/app/schedule/rotate_by_file.js
2024-12-16 09:48:27,115 INFO 36922 [egg-schedule]: register schedule /Users/huangwei/Desktop/zero-element-boot/auto/node_modules/egg-multipart/app/schedule/clean_tmpdir.js
2024-12-16 09:48:27,115 INFO 36922 [egg-schedule]: register schedule /Users/huangwei/Desktop/zero-element-boot/auto/node_modules/egg-logrotator/app/schedule/clean_log.js
2024-12-16 09:48:27,115 INFO 36922 [egg-schedule]: register schedule /Users/huangwei/Desktop/zero-element-boot/auto/node_modules/egg-logrotator/app/schedule/rotate_by_file.js
2024-12-16 09:48:36,739 INFO 36947 [egg-schedule]: register schedule /Users/huangwei/Desktop/zero-element-boot/auto/node_modules/egg-multipart/app/schedule/clean_tmpdir.js
2024-12-16 09:48:36,739 INFO 36947 [egg-schedule]: register schedule /Users/huangwei/Desktop/zero-element-boot/auto/node_modules/egg-logrotator/app/schedule/clean_log.js
2024-12-16 09:48:36,739 INFO 36947 [egg-schedule]: register schedule /Users/huangwei/Desktop/zero-element-boot/auto/node_modules/egg-logrotator/app/schedule/rotate_by_file.js
2024-12-16 09:49:23,638 INFO 36987 [egg-schedule]: register schedule /Users/huangwei/Desktop/zero-element-boot/auto/node_modules/egg-multipart/app/schedule/clean_tmpdir.js
2024-12-16 09:49:23,638 INFO 36987 [egg-schedule]: register schedule /Users/huangwei/Desktop/zero-element-boot/auto/node_modules/egg-logrotator/app/schedule/clean_log.js
2024-12-16 09:49:23,638 INFO 36987 [egg-schedule]: register schedule /Users/huangwei/Desktop/zero-element-boot/auto/node_modules/egg-logrotator/app/schedule/rotate_by_file.js
2024-12-16 09:49:31,551 INFO 37017 [egg-schedule]: register schedule /Users/huangwei/Desktop/zero-element-boot/auto/node_modules/egg-multipart/app/schedule/clean_tmpdir.js
2024-12-16 09:49:31,551 INFO 37017 [egg-schedule]: register schedule /Users/huangwei/Desktop/zero-element-boot/auto/node_modules/egg-logrotator/app/schedule/clean_log.js
2024-12-16 09:49:31,551 INFO 37017 [egg-schedule]: register schedule /Users/huangwei/Desktop/zero-element-boot/auto/node_modules/egg-logrotator/app/schedule/rotate_by_file.js
2024-12-16 09:49:41,900 INFO 37032 [egg-schedule]: register schedule /Users/huangwei/Desktop/zero-element-boot/auto/node_modules/egg-multipart/app/schedule/clean_tmpdir.js
2024-12-16 09:49:41,900 INFO 37032 [egg-schedule]: register schedule /Users/huangwei/Desktop/zero-element-boot/auto/node_modules/egg-logrotator/app/schedule/clean_log.js
2024-12-16 09:49:41,900 INFO 37032 [egg-schedule]: register schedule /Users/huangwei/Desktop/zero-element-boot/auto/node_modules/egg-logrotator/app/schedule/rotate_by_file.js
2024-12-16 09:50:12,101 INFO 37085 [egg-schedule]: register schedule /Users/huangwei/Desktop/zero-element-boot/auto/node_modules/egg-multipart/app/schedule/clean_tmpdir.js
2024-12-16 09:50:12,101 INFO 37085 [egg-schedule]: register schedule /Users/huangwei/Desktop/zero-element-boot/auto/node_modules/egg-logrotator/app/schedule/clean_log.js
2024-12-16 09:50:12,101 INFO 37085 [egg-schedule]: register schedule /Users/huangwei/Desktop/zero-element-boot/auto/node_modules/egg-logrotator/app/schedule/rotate_by_file.js
2024-12-16 09:50:25,699 INFO 37121 [egg-schedule]: register schedule /Users/huangwei/Desktop/zero-element-boot/auto/node_modules/egg-multipart/app/schedule/clean_tmpdir.js
2024-12-16 09:50:25,699 INFO 37121 [egg-schedule]: register schedule /Users/huangwei/Desktop/zero-element-boot/auto/node_modules/egg-logrotator/app/schedule/clean_log.js
2024-12-16 09:50:25,699 INFO 37121 [egg-schedule]: register schedule /Users/huangwei/Desktop/zero-element-boot/auto/node_modules/egg-logrotator/app/schedule/rotate_by_file.js
2024-12-16 09:50:28,840 INFO 37138 [egg-schedule]: register schedule /Users/huangwei/Desktop/zero-element-boot/auto/node_modules/egg-multipart/app/schedule/clean_tmpdir.js
2024-12-16 09:50:28,840 INFO 37138 [egg-schedule]: register schedule /Users/huangwei/Desktop/zero-element-boot/auto/node_modules/egg-logrotator/app/schedule/clean_log.js
2024-12-16 09:50:28,840 INFO 37138 [egg-schedule]: register schedule /Users/huangwei/Desktop/zero-element-boot/auto/node_modules/egg-logrotator/app/schedule/rotate_by_file.js
2024-12-16 09:50:29,674 INFO 37143 [egg-schedule]: register schedule /Users/huangwei/Desktop/zero-element-boot/auto/node_modules/egg-multipart/app/schedule/clean_tmpdir.js
2024-12-16 09:50:29,674 INFO 37143 [egg-schedule]: register schedule /Users/huangwei/Desktop/zero-element-boot/auto/node_modules/egg-logrotator/app/schedule/clean_log.js
2024-12-16 09:50:29,674 INFO 37143 [egg-schedule]: register schedule /Users/huangwei/Desktop/zero-element-boot/auto/node_modules/egg-logrotator/app/schedule/rotate_by_file.js
2024-12-16 09:50:38,746 INFO 37155 [egg-schedule]: register schedule /Users/huangwei/Desktop/zero-element-boot/auto/node_modules/egg-multipart/app/schedule/clean_tmpdir.js
2024-12-16 09:50:38,747 INFO 37155 [egg-schedule]: register schedule /Users/huangwei/Desktop/zero-element-boot/auto/node_modules/egg-logrotator/app/schedule/clean_log.js
2024-12-16 09:50:38,747 INFO 37155 [egg-schedule]: register schedule /Users/huangwei/Desktop/zero-element-boot/auto/node_modules/egg-logrotator/app/schedule/rotate_by_file.js
2024-12-16 09:50:59,870 INFO 37182 [egg-schedule]: register schedule /Users/huangwei/Desktop/zero-element-boot/auto/node_modules/egg-multipart/app/schedule/clean_tmpdir.js
2024-12-16 09:50:59,870 INFO 37182 [egg-schedule]: register schedule /Users/huangwei/Desktop/zero-element-boot/auto/node_modules/egg-logrotator/app/schedule/clean_log.js
2024-12-16 09:50:59,870 INFO 37182 [egg-schedule]: register schedule /Users/huangwei/Desktop/zero-element-boot/auto/node_modules/egg-logrotator/app/schedule/rotate_by_file.js
2024-12-16 09:51:18,974 INFO 37206 [egg-schedule]: register schedule /Users/huangwei/Desktop/zero-element-boot/auto/node_modules/egg-multipart/app/schedule/clean_tmpdir.js
2024-12-16 09:51:18,974 INFO 37206 [egg-schedule]: register schedule /Users/huangwei/Desktop/zero-element-boot/auto/node_modules/egg-logrotator/app/schedule/clean_log.js
2024-12-16 09:51:18,974 INFO 37206 [egg-schedule]: register schedule /Users/huangwei/Desktop/zero-element-boot/auto/node_modules/egg-logrotator/app/schedule/rotate_by_file.js
2024-12-16 09:51:27,244 INFO 37224 [egg-schedule]: register schedule /Users/huangwei/Desktop/zero-element-boot/auto/node_modules/egg-multipart/app/schedule/clean_tmpdir.js
2024-12-16 09:51:27,244 INFO 37224 [egg-schedule]: register schedule /Users/huangwei/Desktop/zero-element-boot/auto/node_modules/egg-logrotator/app/schedule/clean_log.js
2024-12-16 09:51:27,244 INFO 37224 [egg-schedule]: register schedule /Users/huangwei/Desktop/zero-element-boot/auto/node_modules/egg-logrotator/app/schedule/rotate_by_file.js
2024-12-16 09:52:41,327 INFO 37282 [egg-schedule]: register schedule /Users/huangwei/Desktop/zero-element-boot/auto/node_modules/egg-multipart/app/schedule/clean_tmpdir.js
2024-12-16 09:52:41,327 INFO 37282 [egg-schedule]: register schedule /Users/huangwei/Desktop/zero-element-boot/auto/node_modules/egg-logrotator/app/schedule/clean_log.js
2024-12-16 09:52:41,327 INFO 37282 [egg-schedule]: register schedule /Users/huangwei/Desktop/zero-element-boot/auto/node_modules/egg-logrotator/app/schedule/rotate_by_file.js
2024-12-16 09:52:50,780 INFO 37305 [egg-schedule]: register schedule /Users/huangwei/Desktop/zero-element-boot/auto/node_modules/egg-multipart/app/schedule/clean_tmpdir.js
2024-12-16 09:52:50,780 INFO 37305 [egg-schedule]: register schedule /Users/huangwei/Desktop/zero-element-boot/auto/node_modules/egg-logrotator/app/schedule/clean_log.js
2024-12-16 09:52:50,780 INFO 37305 [egg-schedule]: register schedule /Users/huangwei/Desktop/zero-element-boot/auto/node_modules/egg-logrotator/app/schedule/rotate_by_file.js
2024-12-16 09:53:09,135 INFO 37327 [egg-schedule]: register schedule /Users/huangwei/Desktop/zero-element-boot/auto/node_modules/egg-multipart/app/schedule/clean_tmpdir.js
2024-12-16 09:53:09,136 INFO 37327 [egg-schedule]: register schedule /Users/huangwei/Desktop/zero-element-boot/auto/node_modules/egg-logrotator/app/schedule/clean_log.js
2024-12-16 09:53:09,136 INFO 37327 [egg-schedule]: register schedule /Users/huangwei/Desktop/zero-element-boot/auto/node_modules/egg-logrotator/app/schedule/rotate_by_file.js
