2024-12-16 09:21:13,357 ERROR 35129 [-/127.0.0.1/-/0ms GET /] nodejs.ECONNREFUSEDError: connect ECONNREFUSED 127.0.0.1:6379
    at TCPConnectWrap.afterConnect [as oncomplete] (node:net:1555:16)
errno: -61
code: "ECONNREFUSED"
syscall: "connect"
address: "127.0.0.1"
port: 6379
pid: 35129
hostname: huangweideMacBook-Pro.local

2024-12-16 09:22:10,322 ERROR 35187 [-/127.0.0.1/-/1ms GET /] nodejs.ECONNREFUSEDError: connect ECONNREFUSED 127.0.0.1:6379
    at TCPConnectWrap.afterConnect [as oncomplete] (node:net:1555:16)
errno: -61
code: "ECONNREFUSED"
syscall: "connect"
address: "127.0.0.1"
port: 6379
pid: 35187
hostname: huangweideMacBook-Pro.local

2024-12-16 09:22:22,980 ERROR 35214 [-/127.0.0.1/-/0ms GET /] nodejs.ECONNREFUSEDError: connect ECONNREFUSED 127.0.0.1:6379
    at TCPConnectWrap.afterConnect [as oncomplete] (node:net:1555:16)
errno: -61
code: "ECONNREFUSED"
syscall: "connect"
address: "127.0.0.1"
port: 6379
pid: 35214
hostname: huangweideMacBook-Pro.local

2024-12-16 09:22:34,047 ERROR 35249 [-/127.0.0.1/-/0ms GET /] nodejs.ECONNREFUSEDError: connect ECONNREFUSED 127.0.0.1:6379
    at TCPConnectWrap.afterConnect [as oncomplete] (node:net:1555:16)
errno: -61
code: "ECONNREFUSED"
syscall: "connect"
address: "127.0.0.1"
port: 6379
pid: 35249
hostname: huangweideMacBook-Pro.local

2024-12-16 09:43:48,507 WARN 36570 [-/192.168.3.22/-/14ms POST /api/auto/boot/new] nodejs.SyntaxError: Unexpected token x in JSON at position 1, check bodyParser config
    at JSON.parse (<anonymous>)
    at exports.parse (/Users/huangwei/Desktop/zero-element-boot/auto/node_modules/@hapi/bourne/lib/index.js:19:22)
    at parse (/Users/huangwei/Desktop/zero-element-boot/auto/node_modules/co-body/lib/json.js:59:19)
    at module.exports [as json] (/Users/huangwei/Desktop/zero-element-boot/auto/node_modules/co-body/lib/json.js:43:20)
    at process.processTicksAndRejections (node:internal/process/task_queues:95:5)
    at async parseBody (/Users/huangwei/Desktop/zero-element-boot/auto/node_modules/koa-bodyparser/index.js:87:14)
    at async bodyParser (/Users/huangwei/Desktop/zero-element-boot/auto/node_modules/koa-bodyparser/index.js:67:19)
    at async /Users/huangwei/Desktop/zero-element-boot/auto/node_modules/koa-static-cache/index.js:39:63
    at async notfound (/Users/huangwei/Desktop/zero-element-boot/auto/node_modules/egg/app/middleware/notfound.js:5:5)
    at async meta (/Users/huangwei/Desktop/zero-element-boot/auto/node_modules/egg/app/middleware/meta.js:12:5)
status: 400
body: "{xkey:666}"
pid: 36570
hostname: huangweideMacBook-Pro.local

2024-12-16 09:46:34,030 ERROR 36773 [-/192.168.3.22/-/4ms GET /api/auto/boot/preview?xkey=666] nodejs.ReferenceError: app is not defined
    at IndexController.preview (/Users/huangwei/Desktop/zero-element-boot/auto/app/controller/index.js:35:24)
    at Object.callFn (/Users/huangwei/Desktop/zero-element-boot/auto/node_modules/egg-core/lib/utils/index.js:44:21)
    at Object.classControllerMiddleware (/Users/huangwei/Desktop/zero-element-boot/auto/node_modules/egg-core/lib/loader/mixin/controller.js:87:20)
    at Object.callFn (/Users/huangwei/Desktop/zero-element-boot/auto/node_modules/@eggjs/router/lib/utils.js:12:21)
    at wrappedController (/Users/huangwei/Desktop/zero-element-boot/auto/node_modules/@eggjs/router/lib/egg_router.js:322:18)
    at dispatch (/Users/huangwei/Desktop/zero-element-boot/auto/node_modules/@eggjs/router/node_modules/koa-compose/index.js:44:32)
    at next (/Users/huangwei/Desktop/zero-element-boot/auto/node_modules/@eggjs/router/node_modules/koa-compose/index.js:45:18)
    at /Users/huangwei/Desktop/zero-element-boot/auto/node_modules/@eggjs/router/lib/router.js:186:18
    at dispatch (/Users/huangwei/Desktop/zero-element-boot/auto/node_modules/@eggjs/router/node_modules/koa-compose/index.js:44:32)
    at /Users/huangwei/Desktop/zero-element-boot/auto/node_modules/@eggjs/router/node_modules/koa-compose/index.js:36:12

pid: 36773
hostname: huangweideMacBook-Pro.local

2024-12-16 09:46:52,822 ERROR 36773 [-/192.168.3.22/-/3ms GET /api/auto/boot/preview?xkey=666] nodejs.ReferenceError: app is not defined
    at IndexController.preview (/Users/huangwei/Desktop/zero-element-boot/auto/app/controller/index.js:35:24)
    at Object.callFn (/Users/huangwei/Desktop/zero-element-boot/auto/node_modules/egg-core/lib/utils/index.js:44:21)
    at Object.classControllerMiddleware (/Users/huangwei/Desktop/zero-element-boot/auto/node_modules/egg-core/lib/loader/mixin/controller.js:87:20)
    at Object.callFn (/Users/huangwei/Desktop/zero-element-boot/auto/node_modules/@eggjs/router/lib/utils.js:12:21)
    at wrappedController (/Users/huangwei/Desktop/zero-element-boot/auto/node_modules/@eggjs/router/lib/egg_router.js:322:18)
    at dispatch (/Users/huangwei/Desktop/zero-element-boot/auto/node_modules/@eggjs/router/node_modules/koa-compose/index.js:44:32)
    at next (/Users/huangwei/Desktop/zero-element-boot/auto/node_modules/@eggjs/router/node_modules/koa-compose/index.js:45:18)
    at /Users/huangwei/Desktop/zero-element-boot/auto/node_modules/@eggjs/router/lib/router.js:186:18
    at dispatch (/Users/huangwei/Desktop/zero-element-boot/auto/node_modules/@eggjs/router/node_modules/koa-compose/index.js:44:32)
    at /Users/huangwei/Desktop/zero-element-boot/auto/node_modules/@eggjs/router/node_modules/koa-compose/index.js:36:12

pid: 36773
hostname: huangweideMacBook-Pro.local

2024-12-16 09:46:59,035 ERROR 36814 [-/192.168.3.22/-/9ms GET /api/auto/boot/preview?xkey=666] nodejs.ReferenceError: app is not defined
    at IndexController.preview (/Users/huangwei/Desktop/zero-element-boot/auto/app/controller/index.js:35:24)
    at Object.callFn (/Users/huangwei/Desktop/zero-element-boot/auto/node_modules/egg-core/lib/utils/index.js:44:21)
    at Object.classControllerMiddleware (/Users/huangwei/Desktop/zero-element-boot/auto/node_modules/egg-core/lib/loader/mixin/controller.js:87:20)
    at Object.callFn (/Users/huangwei/Desktop/zero-element-boot/auto/node_modules/@eggjs/router/lib/utils.js:12:21)
    at wrappedController (/Users/huangwei/Desktop/zero-element-boot/auto/node_modules/@eggjs/router/lib/egg_router.js:322:18)
    at dispatch (/Users/huangwei/Desktop/zero-element-boot/auto/node_modules/@eggjs/router/node_modules/koa-compose/index.js:44:32)
    at next (/Users/huangwei/Desktop/zero-element-boot/auto/node_modules/@eggjs/router/node_modules/koa-compose/index.js:45:18)
    at /Users/huangwei/Desktop/zero-element-boot/auto/node_modules/@eggjs/router/lib/router.js:186:18
    at dispatch (/Users/huangwei/Desktop/zero-element-boot/auto/node_modules/@eggjs/router/node_modules/koa-compose/index.js:44:32)
    at /Users/huangwei/Desktop/zero-element-boot/auto/node_modules/@eggjs/router/node_modules/koa-compose/index.js:36:12

pid: 36814
hostname: huangweideMacBook-Pro.local

2024-12-16 09:52:30,036 ERROR 37224 [-/192.168.3.22/-/52ms POST /api/auto/boot/zoomout] nodejs.ReferenceError: oldRes is not defined
    at IndexController.zoomout (/Users/huangwei/Desktop/zero-element-boot/auto/app/controller/index.js:55:33)
    at process.processTicksAndRejections (node:internal/process/task_queues:95:5)
    at async /Users/huangwei/Desktop/zero-element-boot/auto/node_modules/egg-development/app/middleware/egg_loader_trace.js:7:50
    at async xframe (/Users/huangwei/Desktop/zero-element-boot/auto/node_modules/egg-security/lib/middlewares/xframe.js:7:5)
    at async xssProtection (/Users/huangwei/Desktop/zero-element-boot/auto/node_modules/egg-security/lib/middlewares/xssProtection.js:7:5)
    at async nosniff (/Users/huangwei/Desktop/zero-element-boot/auto/node_modules/egg-security/lib/middlewares/nosniff.js:8:5)
    at async noopen (/Users/huangwei/Desktop/zero-element-boot/auto/node_modules/egg-security/lib/middlewares/noopen.js:8:5)
    at async session (/Users/huangwei/Desktop/zero-element-boot/auto/node_modules/koa-session/index.js:41:7)
    at async bodyParser (/Users/huangwei/Desktop/zero-element-boot/auto/node_modules/koa-bodyparser/index.js:78:5)
    at async /Users/huangwei/Desktop/zero-element-boot/auto/node_modules/koa-static-cache/index.js:39:63

pid: 37224
hostname: huangweideMacBook-Pro.local

